Archive member included to satisfy reference by file (symbol)

lib/orangescrt.a(syscall.o)   kernel/clock.o (check_stack)
lib/orangescrt.a(printf.o)    kernel/main.o (printf)
lib/orangescrt.a(vsprintf.o)  kernel/main.o (vsprintf)
lib/orangescrt.a(string.o)    kernel/start.o (memcpy)
lib/orangescrt.a(misc.o)      kernel/main.o (send_recv)
lib/orangescrt.a(open.o)      kernel/main.o (open)
lib/orangescrt.a(read.o)      kernel/main.o (read)
lib/orangescrt.a(write.o)     kernel/main.o (write)
lib/orangescrt.a(close.o)     kernel/main.o (close)
lib/orangescrt.a(lseek.o)     kernel/main.o (lseek)
lib/orangescrt.a(getpid.o)    kernel/main.o (getpid)
lib/orangescrt.a(stat.o)      mm/exec.o (stat)
lib/orangescrt.a(fork.o)      kernel/main.o (fork)
lib/orangescrt.a(wait.o)      kernel/main.o (wait)
lib/orangescrt.a(exec.o)      kernel/main.o (execv)

Allocating common symbols
Common symbol       size              file

idt_ptr             0x6               kernel/global.o
inode_table         0xb00             kernel/global.o
task_stack          0x24000           kernel/global.o
k_reenter           0x4               kernel/global.o
queue               0x288             kernel/start.o
gdt                 0x400             kernel/global.o
current_console     0x4               kernel/global.o
pcaller             0x4               kernel/global.o
tty_table           0xc6c             kernel/global.o
tss                 0x68              kernel/global.o
fs_msg              0x30              kernel/global.o
memory_size         0x4               kernel/global.o
f_desc_table        0x400             kernel/global.o
root_inode          0x4               kernel/global.o
disp_pos            0x4               kernel/global.o
mm_msg              0x30              kernel/global.o
key_pressed         0x4               kernel/global.o
gdt_ptr             0x6               kernel/global.o
idt                 0x800             kernel/global.o
super_block         0x1e0             kernel/global.o
PARTITION_ENTRY     0x10              kernel/hd.o
ticks               0x4               kernel/global.o
console_table       0x3c              kernel/global.o
irq_table           0x40              kernel/global.o
p_proc_ready        0x4               kernel/global.o
proc_table          0x3cb4            kernel/global.o

Discarded input sections

 .note.GNU-stack
                0x0000000000000000        0x0 kernel/start.o
 .note.GNU-stack
                0x0000000000000000        0x0 kernel/main.o
 .note.GNU-stack
                0x0000000000000000        0x0 kernel/clock.o
 .note.GNU-stack
                0x0000000000000000        0x0 kernel/keyboard.o
 .note.GNU-stack
                0x0000000000000000        0x0 kernel/tty.o
 .note.GNU-stack
                0x0000000000000000        0x0 kernel/console.o
 .note.GNU-stack
                0x0000000000000000        0x0 kernel/i8259.o
 .note.GNU-stack
                0x0000000000000000        0x0 kernel/global.o
 .note.GNU-stack
                0x0000000000000000        0x0 kernel/protect.o
 .note.GNU-stack
                0x0000000000000000        0x0 kernel/proc.o
 .note.GNU-stack
                0x0000000000000000        0x0 kernel/systask.o
 .note.GNU-stack
                0x0000000000000000        0x0 kernel/hd.o
 .note.GNU-stack
                0x0000000000000000        0x0 kernel/klib.o
 .note.GNU-stack
                0x0000000000000000        0x0 lib/syslog.o
 .note.GNU-stack
                0x0000000000000000        0x0 mm/main.o
 .note.GNU-stack
                0x0000000000000000        0x0 mm/forkexit.o
 .note.GNU-stack
                0x0000000000000000        0x0 mm/exec.o
 .note.GNU-stack
                0x0000000000000000        0x0 fs/main.o
 .note.GNU-stack
                0x0000000000000000        0x0 fs/open.o
 .note.GNU-stack
                0x0000000000000000        0x0 fs/misc.o
 .note.GNU-stack
                0x0000000000000000        0x0 fs/read_write.o
 .note.GNU-stack
                0x0000000000000000        0x0 fs/link.o
 .note.GNU-stack
                0x0000000000000000        0x0 fs/disklog.o
 .note.GNU-stack
                0x0000000000000000        0x0 lib/orangescrt.a(printf.o)
 .note.GNU-stack
                0x0000000000000000        0x0 lib/orangescrt.a(vsprintf.o)
 .note.GNU-stack
                0x0000000000000000        0x0 lib/orangescrt.a(misc.o)
 .note.GNU-stack
                0x0000000000000000        0x0 lib/orangescrt.a(open.o)
 .note.GNU-stack
                0x0000000000000000        0x0 lib/orangescrt.a(read.o)
 .note.GNU-stack
                0x0000000000000000        0x0 lib/orangescrt.a(write.o)
 .note.GNU-stack
                0x0000000000000000        0x0 lib/orangescrt.a(close.o)
 .note.GNU-stack
                0x0000000000000000        0x0 lib/orangescrt.a(lseek.o)
 .note.GNU-stack
                0x0000000000000000        0x0 lib/orangescrt.a(getpid.o)
 .note.GNU-stack
                0x0000000000000000        0x0 lib/orangescrt.a(stat.o)
 .note.GNU-stack
                0x0000000000000000        0x0 lib/orangescrt.a(fork.o)
 .note.GNU-stack
                0x0000000000000000        0x0 lib/orangescrt.a(wait.o)
 .note.GNU-stack
                0x0000000000000000        0x0 lib/orangescrt.a(exec.o)

Memory Configuration

Name             Origin             Length             Attributes
*default*        0x0000000000000000 0xffffffffffffffff

Linker script and memory map

Address of section .text set to 0x1000
LOAD kernel/kernel.o
LOAD kernel/start.o
LOAD kernel/main.o
LOAD kernel/clock.o
LOAD kernel/keyboard.o
LOAD kernel/tty.o
LOAD kernel/console.o
LOAD kernel/i8259.o
LOAD kernel/global.o
LOAD kernel/protect.o
LOAD kernel/proc.o
LOAD kernel/systask.o
LOAD kernel/hd.o
LOAD kernel/kliba.o
LOAD kernel/klib.o
LOAD lib/syslog.o
LOAD mm/main.o
LOAD mm/forkexit.o
LOAD mm/exec.o
LOAD fs/main.o
LOAD fs/open.o
LOAD fs/misc.o
LOAD fs/read_write.o
LOAD fs/link.o
LOAD fs/disklog.o
LOAD lib/orangescrt.a
                [!provide]                        PROVIDE (__executable_start, 0x8048000)
                0x0000000008048094                . = (0x8048000 + SIZEOF_HEADERS)

.interp
 *(.interp)

.note.gnu.build-id
 *(.note.gnu.build-id)

.hash
 *(.hash)

.gnu.hash
 *(.gnu.hash)

.dynsym
 *(.dynsym)

.dynstr
 *(.dynstr)

.gnu.version
 *(.gnu.version)

.gnu.version_d
 *(.gnu.version_d)

.gnu.version_r
 *(.gnu.version_r)

.rel.dyn        0x0000000008048094        0x0
 *(.rel.init)
 *(.rel.text .rel.text.* .rel.gnu.linkonce.t.*)
 .rel.text      0x0000000008048094        0x0 kernel/kernel.o
 *(.rel.fini)
 *(.rel.rodata .rel.rodata.* .rel.gnu.linkonce.r.*)
 *(.rel.data.rel.ro .rel.data.rel.ro.* .rel.gnu.linkonce.d.rel.ro.*)
 *(.rel.data .rel.data.* .rel.gnu.linkonce.d.*)
 .rel.data      0x0000000008048094        0x0 kernel/kernel.o
 *(.rel.tdata .rel.tdata.* .rel.gnu.linkonce.td.*)
 *(.rel.tbss .rel.tbss.* .rel.gnu.linkonce.tb.*)
 *(.rel.ctors)
 *(.rel.dtors)
 *(.rel.got)
 *(.rel.bss .rel.bss.* .rel.gnu.linkonce.b.*)
 *(.rel.ifunc)

.rel.plt        0x0000000008048094        0x0
 *(.rel.plt)
                [!provide]                        PROVIDE (__rel_iplt_start, .)
 *(.rel.iplt)
 .rel.iplt      0x0000000008048094        0x0 kernel/kernel.o
                [!provide]                        PROVIDE (__rel_iplt_end, .)

.init
 *(SORT(.init))

.plt            0x00000000080480a0        0x0
 *(.plt)
 *(.iplt)
 .iplt          0x00000000080480a0        0x0 kernel/kernel.o

.plt.got
 *(.plt.got)

.text           0x0000000000001000     0xc5f3
 *(.text.unlikely .text.*_unlikely .text.unlikely.*)
 *(.text.exit .text.exit.*)
 *(.text.startup .text.startup.*)
 *(.text.hot .text.hot.*)
 *(.text .stub .text.* .gnu.linkonce.t.*)
 .text          0x0000000000001000      0x410 kernel/kernel.o
                0x0000000000001000                _start
                0x0000000000001040                hwint00
                0x0000000000001070                hwint01
                0x00000000000010a0                hwint02
                0x00000000000010d0                hwint03
                0x0000000000001100                hwint04
                0x0000000000001130                hwint05
                0x0000000000001160                hwint06
                0x0000000000001190                hwint07
                0x00000000000011c0                hwint08
                0x00000000000011f0                hwint09
                0x0000000000001220                hwint10
                0x0000000000001250                hwint11
                0x0000000000001280                hwint12
                0x00000000000012b0                hwint13
                0x00000000000012e0                hwint14
                0x0000000000001310                hwint15
                0x0000000000001334                divide_error
                0x000000000000133a                single_step_exception
                0x0000000000001340                nmi
                0x0000000000001346                breakpoint_exception
                0x000000000000134c                overflow
                0x0000000000001352                bounds_check
                0x0000000000001358                inval_opcode
                0x000000000000135e                copr_not_available
                0x0000000000001364                double_fault
                0x0000000000001368                copr_seg_overrun
                0x000000000000136e                inval_tss
                0x0000000000001372                segment_not_present
                0x0000000000001376                stack_exception
                0x000000000000137a                general_protection
                0x000000000000137e                page_fault
                0x0000000000001382                copr_error
                0x00000000000013cb                sys_call
                0x00000000000013eb                restart
 .text          0x0000000000001410       0x95 kernel/start.o
                0x0000000000001410                cstart
 .text          0x00000000000014a5      0xc4a kernel/main.o
                0x00000000000014a5                kernel_main
                0x00000000000017cc                get_ticks
                0x0000000000001800                untar
                0x0000000000001adc                check_valid
                0x0000000000001c73                shabby_shell
                0x0000000000001f2a                Init
                0x0000000000002097                TestA
                0x000000000000209c                TestB
                0x00000000000020a1                TestC
                0x00000000000020a6                panic
 .text          0x00000000000020ef      0x129 kernel/clock.o
                0x00000000000020ef                clock_handler
                0x0000000000002186                milli_delay
                0x00000000000021c0                init_clock
 .text          0x0000000000002218      0x6da kernel/keyboard.o
                0x0000000000002218                keyboard_handler
                0x0000000000002282                init_keyboard
                0x0000000000002331                keyboard_read
 .text          0x00000000000028f2      0xa47 kernel/tty.o
                0x00000000000028f2                task_tty
                0x0000000000002ae6                in_process
                0x000000000000303f                sys_printx
                0x00000000000031de                dump_tty_buf
 .text          0x0000000000003339      0x824 kernel/console.o
                0x0000000000003339                init_screen
                0x00000000000034ad                out_char
                0x00000000000037d7                is_current_console
                0x00000000000038ca                select_console
                0x000000000000390a                scroll_screen
 .text          0x0000000000003b5d      0x130 kernel/i8259.o
                0x0000000000003b5d                init_8259A
                0x0000000000003c32                spurious_irq
                0x0000000000003c69                put_irq_handler
 .text          0x0000000000003c8d        0x0 kernel/global.o
 .text          0x0000000000003c8d      0x65f kernel/protect.o
                0x0000000000003c8d                init_prot
                0x00000000000040f5                seg2linear
                0x0000000000004144                init_desc
                0x00000000000041b1                exception_handler
 .text          0x00000000000042ec     0x1b73 kernel/proc.o
                0x00000000000042ec                schedule
                0x000000000000437e                outqueue
                0x00000000000043eb                inqueue
                0x000000000000446a                myschedule
                0x0000000000004585                get_one_proc
                0x000000000000472d                sys_sendrec
                0x0000000000004856                ldt_seg_linear
                0x00000000000048a0                va2la
                0x0000000000004901                reset_msg
                0x0000000000005765                inform_int
                0x00000000000058fc                dump_proc
                0x0000000000005c3e                dump_msg
                0x0000000000005d49                ret_error
                0x0000000000005d8e                sys_check_stack
 .text          0x0000000000005e5f      0x2bc kernel/systask.o
                0x0000000000005e5f                task_sys
 .text          0x000000000000611b      0xd1e kernel/hd.o
                0x000000000000611b                task_hd
                0x0000000000006e0e                hd_handler
 *fill*         0x0000000000006e39        0x7 
 .text          0x0000000000006e40      0x19a kernel/kliba.o
                0x0000000000006e40                disp_str
                0x0000000000006e7e                disp_color_str
                0x0000000000006ebd                out_byte
                0x0000000000006ec9                in_byte
                0x0000000000006ed3                port_read
                0x0000000000006ee6                port_write
                0x0000000000006ef9                disable_irq
                0x0000000000006f2e                enable_irq
                0x0000000000006f4d                disable_int
                0x0000000000006f4f                enable_int
                0x0000000000006f51                glitter
 .text          0x0000000000006fda      0x2af kernel/klib.o
                0x0000000000006fda                get_boot_params
                0x0000000000007060                get_kernel_map
                0x0000000000007170                itoa
                0x000000000000721b                disp_int
                0x0000000000007242                delay
 .text          0x0000000000007289       0x6f lib/syslog.o
                0x0000000000007289                syslog
 .text          0x00000000000072f8      0x1bc mm/main.o
                0x00000000000072f8                task_mm
                0x000000000000742f                alloc_mem
                0x00000000000074aa                free_mem
 .text          0x00000000000074b4      0x5db mm/forkexit.o
                0x00000000000074b4                do_fork
                0x000000000000780a                do_exit
                0x00000000000079d6                do_wait
 .text          0x0000000000007a8f      0x354 mm/exec.o
                0x0000000000007a8f                do_exec
 .text          0x0000000000007de3     0x1116 fs/main.o
                0x0000000000007de3                task_fs
                0x00000000000088de                rw_sector
                0x0000000000008b01                get_super_block
                0x0000000000008b47                get_inode
                0x0000000000008caa                put_inode
                0x0000000000008ce8                sync_inode
 .text          0x0000000000008ef9      0xb8a fs/open.o
                0x0000000000008ef9                do_open
                0x000000000000941f                do_close
                0x000000000000949a                do_lseek
 .text          0x0000000000009a83      0x3b2 fs/misc.o
                0x0000000000009a83                do_stat
                0x0000000000009c54                search_file
                0x0000000000009daa                strip_path
 .text          0x0000000000009e35      0x46b fs/read_write.o
                0x0000000000009e35                do_rdwt
 .text          0x000000000000a2a0      0x808 fs/link.o
                0x000000000000a2a0                do_unlink
 .text          0x000000000000aaa8     0x1fd0 fs/disklog.o
                0x000000000000aaa8                disklog
                0x000000000000b015                dump_fd_graph
 *fill*         0x000000000000ca78        0x8 
 .text          0x000000000000ca80       0x30 lib/orangescrt.a(syscall.o)
                0x000000000000ca80                sendrec
                0x000000000000ca9a                printx
                0x000000000000caa8                check_stack
 .text          0x000000000000cab0       0xad lib/orangescrt.a(printf.o)
                0x000000000000cab0                printf
                0x000000000000cb1b                printl
 .text          0x000000000000cb5d      0x305 lib/orangescrt.a(vsprintf.o)
                0x000000000000cbbb                vsprintf
                0x000000000000ce3c                sprintf
 *fill*         0x000000000000ce62        0xe 
 .text          0x000000000000ce70       0x78 lib/orangescrt.a(string.o)
                0x000000000000ce70                memcpy
                0x000000000000ce99                memset
                0x000000000000ceba                strcpy
                0x000000000000ced2                strlen
 .text          0x000000000000cee8      0x256 lib/orangescrt.a(misc.o)
                0x000000000000cee8                send_recv
                0x000000000000cfa2                memcmp
                0x000000000000d018                strcmp
                0x000000000000d08b                strcat
                0x000000000000d0ea                spin
                0x000000000000d105                assertion_failure
 .text          0x000000000000d13e       0x63 lib/orangescrt.a(open.o)
                0x000000000000d13e                open
 .text          0x000000000000d1a1       0x37 lib/orangescrt.a(read.o)
                0x000000000000d1a1                read
 .text          0x000000000000d1d8       0x37 lib/orangescrt.a(write.o)
                0x000000000000d1d8                write
 .text          0x000000000000d20f       0x2b lib/orangescrt.a(close.o)
                0x000000000000d20f                close
 .text          0x000000000000d23a       0x37 lib/orangescrt.a(lseek.o)
                0x000000000000d23a                lseek
 .text          0x000000000000d271       0x46 lib/orangescrt.a(getpid.o)
                0x000000000000d271                getpid
 .text          0x000000000000d2b7       0x63 lib/orangescrt.a(stat.o)
                0x000000000000d2b7                stat
 .text          0x000000000000d31a       0x66 lib/orangescrt.a(fork.o)
                0x000000000000d31a                fork
 .text          0x000000000000d380       0x3c lib/orangescrt.a(wait.o)
                0x000000000000d380                wait
 .text          0x000000000000d3bc      0x237 lib/orangescrt.a(exec.o)
                0x000000000000d3bc                exec
                0x000000000000d427                execl
                0x000000000000d44c                execv
 *(.gnu.warning)

.fini
 *(SORT(.fini))
                [!provide]                        PROVIDE (__etext, .)
                [!provide]                        PROVIDE (_etext, .)
                [!provide]                        PROVIDE (etext, .)

.rodata         0x000000000000d600     0x261f
 *(.rodata .rodata.* .gnu.linkonce.r.*)
 .rodata        0x000000000000d600       0x3b kernel/start.o
 *fill*         0x000000000000d63b        0x1 
 .rodata        0x000000000000d63c      0x254 kernel/main.o
 .rodata        0x000000000000d890       0x64 kernel/keyboard.o
 .rodata        0x000000000000d8f4      0x168 kernel/tty.o
 .rodata        0x000000000000da5c       0x5b kernel/console.o
 .rodata        0x000000000000dab7       0x11 kernel/i8259.o
 .rodata        0x000000000000dac8       0x10 kernel/global.o
                0x000000000000dac8                FSBUF_SIZE
                0x000000000000dacc                MMBUF_SIZE
                0x000000000000dad0                LOGBUF_SIZE
                0x000000000000dad4                LOGDISKBUF_SIZE
 *fill*         0x000000000000dad8        0x8 
 .rodata        0x000000000000dae0      0x580 kernel/protect.o
 .rodata        0x000000000000e060      0x5ee kernel/proc.o
 .rodata        0x000000000000e64e       0x11 kernel/systask.o
 *fill*         0x000000000000e65f        0x1 
 .rodata        0x000000000000e660      0x15c kernel/hd.o
 .rodata        0x000000000000e7bc       0x6a kernel/klib.o
 .rodata        0x000000000000e826       0x1e lib/syslog.o
 .rodata        0x000000000000e844       0xb1 mm/main.o
 *fill*         0x000000000000e8f5        0x3 
 .rodata        0x000000000000e8f8       0xe5 mm/forkexit.o
 *fill*         0x000000000000e9dd        0x3 
 .rodata        0x000000000000e9e0       0xa4 mm/exec.o
 .rodata        0x000000000000ea84      0x2ce fs/main.o
 *fill*         0x000000000000ed52        0x2 
 .rodata        0x000000000000ed54      0x1c8 fs/open.o
 .rodata        0x000000000000ef1c       0x60 fs/misc.o
 .rodata        0x000000000000ef7c      0x104 fs/read_write.o
 .rodata        0x000000000000f080      0x1ad fs/link.o
 *fill*         0x000000000000f22d        0x3 
 .rodata        0x000000000000f230      0x806 fs/disklog.o
 .rodata        0x000000000000fa36       0x14 lib/orangescrt.a(printf.o)
 *fill*         0x000000000000fa4a        0x2 
 .rodata        0x000000000000fa4c       0xad lib/orangescrt.a(misc.o)
 .rodata        0x000000000000faf9       0x23 lib/orangescrt.a(open.o)
 .rodata        0x000000000000fb1c       0x25 lib/orangescrt.a(getpid.o)
 .rodata        0x000000000000fb41       0x23 lib/orangescrt.a(stat.o)
 .rodata        0x000000000000fb64       0x33 lib/orangescrt.a(fork.o)
 *fill*         0x000000000000fb97        0x1 
 .rodata        0x000000000000fb98       0x87 lib/orangescrt.a(exec.o)

.rodata1
 *(.rodata1)

.eh_frame_hdr
 *(.eh_frame_hdr)
 *(.eh_frame_entry .eh_frame_entry.*)

.eh_frame       0x000000000000fc20     0x134c
 *(.eh_frame)
 .eh_frame      0x000000000000fc20       0x38 kernel/start.o
 .eh_frame      0x000000000000fc58      0x128 kernel/main.o
                                        0x140 (size before relaxing)
 .eh_frame      0x000000000000fd80       0x60 kernel/clock.o
                                         0x78 (size before relaxing)
 .eh_frame      0x000000000000fde0       0xe0 kernel/keyboard.o
                                         0xf8 (size before relaxing)
 .eh_frame      0x000000000000fec0      0x13c kernel/tty.o
                                        0x154 (size before relaxing)
 .eh_frame      0x000000000000fffc      0x144 kernel/console.o
                                        0x15c (size before relaxing)
 .eh_frame      0x0000000000010140       0x60 kernel/i8259.o
                                         0x78 (size before relaxing)
 .eh_frame      0x00000000000101a0       0xb0 kernel/protect.o
                                         0xc8 (size before relaxing)
 .eh_frame      0x0000000000010250      0x274 kernel/proc.o
                                        0x28c (size before relaxing)
 .eh_frame      0x00000000000104c4       0x5c kernel/systask.o
                                         0x74 (size before relaxing)
 .eh_frame      0x0000000000010520      0x1c8 kernel/hd.o
                                        0x1e0 (size before relaxing)
 .eh_frame      0x00000000000106e8       0xa0 kernel/klib.o
                                         0xb8 (size before relaxing)
 .eh_frame      0x0000000000010788       0x20 lib/syslog.o
                                         0x38 (size before relaxing)
 .eh_frame      0x00000000000107a8       0x7c mm/main.o
                                         0x94 (size before relaxing)
 .eh_frame      0x0000000000010824       0x90 mm/forkexit.o
                                         0xa8 (size before relaxing)
 .eh_frame      0x00000000000108b4       0x2c mm/exec.o
                                         0x44 (size before relaxing)
 .eh_frame      0x00000000000108e0      0x170 fs/main.o
                                        0x188 (size before relaxing)
 .eh_frame      0x0000000000010a50      0x120 fs/open.o
                                        0x138 (size before relaxing)
 .eh_frame      0x0000000000010b70       0x68 fs/misc.o
                                         0x80 (size before relaxing)
 .eh_frame      0x0000000000010bd8       0x2c fs/read_write.o
                                         0x44 (size before relaxing)
 .eh_frame      0x0000000000010c04       0x2c fs/link.o
                                         0x44 (size before relaxing)
 .eh_frame      0x0000000000010c30       0x60 fs/disklog.o
                                         0x78 (size before relaxing)
 .eh_frame      0x0000000000010c90       0x40 lib/orangescrt.a(printf.o)
                                         0x58 (size before relaxing)
 .eh_frame      0x0000000000010cd0       0x60 lib/orangescrt.a(vsprintf.o)
                                         0x78 (size before relaxing)
 .eh_frame      0x0000000000010d30       0xbc lib/orangescrt.a(misc.o)
                                         0xd4 (size before relaxing)
 .eh_frame      0x0000000000010dec       0x20 lib/orangescrt.a(open.o)
                                         0x38 (size before relaxing)
 .eh_frame      0x0000000000010e0c       0x20 lib/orangescrt.a(read.o)
                                         0x38 (size before relaxing)
 .eh_frame      0x0000000000010e2c       0x20 lib/orangescrt.a(write.o)
                                         0x38 (size before relaxing)
 .eh_frame      0x0000000000010e4c       0x20 lib/orangescrt.a(close.o)
                                         0x38 (size before relaxing)
 .eh_frame      0x0000000000010e6c       0x20 lib/orangescrt.a(lseek.o)
                                         0x38 (size before relaxing)
 .eh_frame      0x0000000000010e8c       0x20 lib/orangescrt.a(getpid.o)
                                         0x38 (size before relaxing)
 .eh_frame      0x0000000000010eac       0x20 lib/orangescrt.a(stat.o)
                                         0x38 (size before relaxing)
 .eh_frame      0x0000000000010ecc       0x20 lib/orangescrt.a(fork.o)
                                         0x38 (size before relaxing)
 .eh_frame      0x0000000000010eec       0x20 lib/orangescrt.a(wait.o)
                                         0x38 (size before relaxing)
 .eh_frame      0x0000000000010f0c       0x60 lib/orangescrt.a(exec.o)
                                         0x78 (size before relaxing)
 *(.eh_frame.*)

.gcc_except_table
 *(.gcc_except_table .gcc_except_table.*)

.gnu_extab
 *(.gnu_extab*)

.exception_ranges
 *(.exception_ranges .exception_ranges*)
                0x0000000000011000                . = DATA_SEGMENT_ALIGN (0x1000, 0x1000)

.eh_frame
 *(.eh_frame)
 *(.eh_frame.*)

.gnu_extab
 *(.gnu_extab)

.gcc_except_table
 *(.gcc_except_table .gcc_except_table.*)

.exception_ranges
 *(.exception_ranges .exception_ranges*)

.tdata
 *(.tdata .tdata.* .gnu.linkonce.td.*)

.tbss
 *(.tbss .tbss.* .gnu.linkonce.tb.*)
 *(.tcommon)

.preinit_array  0x0000000000011000        0x0
                [!provide]                        PROVIDE (__preinit_array_start, .)
 *(.preinit_array)
                [!provide]                        PROVIDE (__preinit_array_end, .)

.init_array     0x0000000000011000        0x0
                [!provide]                        PROVIDE (__init_array_start, .)
 *(SORT(.init_array.*) SORT(.ctors.*))
 *(.init_array EXCLUDE_FILE(*crtend?.o *crtend.o *crtbegin?.o *crtbegin.o) .ctors)
                [!provide]                        PROVIDE (__init_array_end, .)

.fini_array     0x0000000000011000        0x0
                [!provide]                        PROVIDE (__fini_array_start, .)
 *(SORT(.fini_array.*) SORT(.dtors.*))
 *(.fini_array EXCLUDE_FILE(*crtend?.o *crtend.o *crtbegin?.o *crtbegin.o) .dtors)
                [!provide]                        PROVIDE (__fini_array_end, .)

.ctors
 *crtbegin.o(.ctors)
 *crtbegin?.o(.ctors)
 *(EXCLUDE_FILE(*crtend?.o *crtend.o) .ctors)
 *(SORT(.ctors.*))
 *(.ctors)

.dtors
 *crtbegin.o(.dtors)
 *crtbegin?.o(.dtors)
 *(EXCLUDE_FILE(*crtend?.o *crtend.o) .dtors)
 *(SORT(.dtors.*))
 *(.dtors)

.jcr
 *(.jcr)

.data.rel.ro
 *(.data.rel.ro.local* .gnu.linkonce.d.rel.ro.local.*)
 *(.data.rel.ro .data.rel.ro.* .gnu.linkonce.d.rel.ro.*)

.dynamic
 *(.dynamic)

.got
 *(.got)
 *(.igot)
                0x0000000000011000                . = DATA_SEGMENT_RELRO_END (., (SIZEOF (.got.plt) >= 0xc)?0xc:0x0)

.got.plt        0x0000000000011000        0x0
 *(.got.plt)
 *(.igot.plt)
 .igot.plt      0x0000000000011000        0x0 kernel/kernel.o

.data           0x0000000000011000      0x818
 *(.data .data.* .gnu.linkonce.d.*)
 .data          0x0000000000011000        0x2 kernel/kernel.o
 .data          0x0000000000011002        0x0 kernel/start.o
 .data          0x0000000000011002        0x0 kernel/main.o
 .data          0x0000000000011002        0x0 kernel/clock.o
 *fill*         0x0000000000011002       0x1e 
 .data          0x0000000000011020      0x600 kernel/keyboard.o
                0x0000000000011020                keymap
 .data          0x0000000000011620       0x22 kernel/tty.o
 .data          0x0000000000011642        0x0 kernel/console.o
 .data          0x0000000000011642        0x0 kernel/i8259.o
 *fill*         0x0000000000011642       0x1e 
 .data          0x0000000000011660      0x1b8 kernel/global.o
                0x0000000000011660                task_table
                0x0000000000011740                user_proc_table
                0x00000000000117e0                sys_call_table
                0x00000000000117f0                dd_map
                0x0000000000011808                fsbuf
                0x000000000001180c                mmbuf
                0x0000000000011810                logbuf
                0x0000000000011814                logdiskbuf
 .data          0x0000000000011818        0x0 kernel/protect.o
 .data          0x0000000000011818        0x0 kernel/proc.o
 .data          0x0000000000011818        0x0 kernel/systask.o
 .data          0x0000000000011818        0x0 kernel/hd.o
 .data          0x0000000000011818        0x0 kernel/klib.o
 .data          0x0000000000011818        0x0 lib/syslog.o
 .data          0x0000000000011818        0x0 mm/main.o
 .data          0x0000000000011818        0x0 mm/forkexit.o
 .data          0x0000000000011818        0x0 mm/exec.o
 .data          0x0000000000011818        0x0 fs/main.o
 .data          0x0000000000011818        0x0 fs/open.o
 .data          0x0000000000011818        0x0 fs/misc.o
 .data          0x0000000000011818        0x0 fs/read_write.o
 .data          0x0000000000011818        0x0 fs/link.o
 .data          0x0000000000011818        0x0 fs/disklog.o
 .data          0x0000000000011818        0x0 lib/orangescrt.a(printf.o)
 .data          0x0000000000011818        0x0 lib/orangescrt.a(vsprintf.o)
 .data          0x0000000000011818        0x0 lib/orangescrt.a(misc.o)
 .data          0x0000000000011818        0x0 lib/orangescrt.a(open.o)
 .data          0x0000000000011818        0x0 lib/orangescrt.a(read.o)
 .data          0x0000000000011818        0x0 lib/orangescrt.a(write.o)
 .data          0x0000000000011818        0x0 lib/orangescrt.a(close.o)
 .data          0x0000000000011818        0x0 lib/orangescrt.a(lseek.o)
 .data          0x0000000000011818        0x0 lib/orangescrt.a(getpid.o)
 .data          0x0000000000011818        0x0 lib/orangescrt.a(stat.o)
 .data          0x0000000000011818        0x0 lib/orangescrt.a(fork.o)
 .data          0x0000000000011818        0x0 lib/orangescrt.a(wait.o)
 .data          0x0000000000011818        0x0 lib/orangescrt.a(exec.o)

.data1
 *(.data1)
                0x0000000000011818                _edata = .
                [!provide]                        PROVIDE (edata, .)
                0x0000000000011818                . = .
                0x0000000000011818                __bss_start = .

.bss            0x0000000000011820    0x2bbe4
 *(.dynbss)
 *(.bss .bss.* .gnu.linkonce.b.*)
 .bss           0x0000000000011820      0x800 kernel/kernel.o
 .bss           0x0000000000012020        0x0 kernel/start.o
 .bss           0x0000000000012020        0x0 kernel/main.o
 .bss           0x0000000000012020        0x0 kernel/clock.o
 .bss           0x0000000000012020       0x58 kernel/keyboard.o
 .bss           0x0000000000012078        0x0 kernel/tty.o
 .bss           0x0000000000012078        0x0 kernel/console.o
 .bss           0x0000000000012078        0x0 kernel/i8259.o
 .bss           0x0000000000012078        0x0 kernel/global.o
 .bss           0x0000000000012078        0x0 kernel/protect.o
 .bss           0x0000000000012078        0x0 kernel/proc.o
 .bss           0x0000000000012078        0x0 kernel/systask.o
 *fill*         0x0000000000012078        0x8 
 .bss           0x0000000000012080      0x64c kernel/hd.o
 .bss           0x00000000000126cc        0x0 kernel/klib.o
 .bss           0x00000000000126cc        0x0 lib/syslog.o
 .bss           0x00000000000126cc        0x0 mm/main.o
 .bss           0x00000000000126cc        0x0 mm/forkexit.o
 .bss           0x00000000000126cc        0x0 mm/exec.o
 .bss           0x00000000000126cc        0x0 fs/main.o
 .bss           0x00000000000126cc        0x0 fs/open.o
 .bss           0x00000000000126cc        0x0 fs/misc.o
 .bss           0x00000000000126cc        0x0 fs/read_write.o
 .bss           0x00000000000126cc        0x0 fs/link.o
 *fill*         0x00000000000126cc       0x14 
 .bss           0x00000000000126e0      0x208 fs/disklog.o
 .bss           0x00000000000128e8        0x0 lib/orangescrt.a(printf.o)
 .bss           0x00000000000128e8        0x0 lib/orangescrt.a(vsprintf.o)
 .bss           0x00000000000128e8        0x0 lib/orangescrt.a(misc.o)
 .bss           0x00000000000128e8        0x0 lib/orangescrt.a(open.o)
 .bss           0x00000000000128e8        0x0 lib/orangescrt.a(read.o)
 .bss           0x00000000000128e8        0x0 lib/orangescrt.a(write.o)
 .bss           0x00000000000128e8        0x0 lib/orangescrt.a(close.o)
 .bss           0x00000000000128e8        0x0 lib/orangescrt.a(lseek.o)
 .bss           0x00000000000128e8        0x0 lib/orangescrt.a(getpid.o)
 .bss           0x00000000000128e8        0x0 lib/orangescrt.a(stat.o)
 .bss           0x00000000000128e8        0x0 lib/orangescrt.a(fork.o)
 .bss           0x00000000000128e8        0x0 lib/orangescrt.a(wait.o)
 .bss           0x00000000000128e8        0x0 lib/orangescrt.a(exec.o)
 *(COMMON)
 *fill*         0x00000000000128e8       0x18 
 COMMON         0x0000000000012900      0x288 kernel/start.o
                0x0000000000012900                queue
 *fill*         0x0000000000012b88       0x18 
 COMMON         0x0000000000012ba0    0x2a854 kernel/global.o
                0x0000000000012ba0                idt_ptr
                0x0000000000012bc0                inode_table
                0x00000000000136c0                task_stack
                0x00000000000376c0                k_reenter
                0x00000000000376e0                gdt
                0x0000000000037ae0                current_console
                0x0000000000037ae4                pcaller
                0x0000000000037b00                tty_table
                0x0000000000038780                tss
                0x0000000000038800                fs_msg
                0x0000000000038830                memory_size
                0x0000000000038840                f_desc_table
                0x0000000000038c40                root_inode
                0x0000000000038c44                disp_pos
                0x0000000000038c60                mm_msg
                0x0000000000038c90                key_pressed
                0x0000000000038c94                gdt_ptr
                0x0000000000038ca0                idt
                0x00000000000394a0                super_block
                0x0000000000039680                ticks
                0x00000000000396a0                console_table
                0x00000000000396e0                irq_table
                0x0000000000039720                p_proc_ready
                0x0000000000039740                proc_table
 COMMON         0x000000000003d3f4       0x10 kernel/hd.o
                0x000000000003d3f4                PARTITION_ENTRY
                0x000000000003d404                . = ALIGN ((. != 0x0)?0x4:0x1)
                0x000000000003d404                . = ALIGN (0x4)
                0x000000000003d404                . = SEGMENT_START ("ldata-segment", .)
                0x000000000003d404                . = ALIGN (0x4)
                0x000000000003d404                _end = .
                [!provide]                        PROVIDE (end, .)
                0x000000000003d404                . = DATA_SEGMENT_END (.)

.stab
 *(.stab)

.stabstr
 *(.stabstr)

.stab.excl
 *(.stab.excl)

.stab.exclstr
 *(.stab.exclstr)

.stab.index
 *(.stab.index)

.stab.indexstr
 *(.stab.indexstr)

.comment        0x0000000000000000       0x35
 *(.comment)
 .comment       0x0000000000000000       0x35 kernel/start.o
                                         0x36 (size before relaxing)
 .comment       0x0000000000000035       0x36 kernel/main.o
 .comment       0x0000000000000035       0x36 kernel/clock.o
 .comment       0x0000000000000035       0x36 kernel/keyboard.o
 .comment       0x0000000000000035       0x36 kernel/tty.o
 .comment       0x0000000000000035       0x36 kernel/console.o
 .comment       0x0000000000000035       0x36 kernel/i8259.o
 .comment       0x0000000000000035       0x36 kernel/global.o
 .comment       0x0000000000000035       0x36 kernel/protect.o
 .comment       0x0000000000000035       0x36 kernel/proc.o
 .comment       0x0000000000000035       0x36 kernel/systask.o
 .comment       0x0000000000000035       0x36 kernel/hd.o
 .comment       0x0000000000000035       0x36 kernel/klib.o
 .comment       0x0000000000000035       0x36 lib/syslog.o
 .comment       0x0000000000000035       0x36 mm/main.o
 .comment       0x0000000000000035       0x36 mm/forkexit.o
 .comment       0x0000000000000035       0x36 mm/exec.o
 .comment       0x0000000000000035       0x36 fs/main.o
 .comment       0x0000000000000035       0x36 fs/open.o
 .comment       0x0000000000000035       0x36 fs/misc.o
 .comment       0x0000000000000035       0x36 fs/read_write.o
 .comment       0x0000000000000035       0x36 fs/link.o
 .comment       0x0000000000000035       0x36 fs/disklog.o
 .comment       0x0000000000000035       0x36 lib/orangescrt.a(printf.o)
 .comment       0x0000000000000035       0x36 lib/orangescrt.a(vsprintf.o)
 .comment       0x0000000000000035       0x36 lib/orangescrt.a(misc.o)
 .comment       0x0000000000000035       0x36 lib/orangescrt.a(open.o)
 .comment       0x0000000000000035       0x36 lib/orangescrt.a(read.o)
 .comment       0x0000000000000035       0x36 lib/orangescrt.a(write.o)
 .comment       0x0000000000000035       0x36 lib/orangescrt.a(close.o)
 .comment       0x0000000000000035       0x36 lib/orangescrt.a(lseek.o)
 .comment       0x0000000000000035       0x36 lib/orangescrt.a(getpid.o)
 .comment       0x0000000000000035       0x36 lib/orangescrt.a(stat.o)
 .comment       0x0000000000000035       0x36 lib/orangescrt.a(fork.o)
 .comment       0x0000000000000035       0x36 lib/orangescrt.a(wait.o)
 .comment       0x0000000000000035       0x36 lib/orangescrt.a(exec.o)

.debug
 *(.debug)

.line
 *(.line)

.debug_srcinfo
 *(.debug_srcinfo)

.debug_sfnames
 *(.debug_sfnames)

.debug_aranges
 *(.debug_aranges)

.debug_pubnames
 *(.debug_pubnames)

.debug_info
 *(.debug_info .gnu.linkonce.wi.*)

.debug_abbrev
 *(.debug_abbrev)

.debug_line
 *(.debug_line .debug_line.* .debug_line_end)

.debug_frame
 *(.debug_frame)

.debug_str
 *(.debug_str)

.debug_loc
 *(.debug_loc)

.debug_macinfo
 *(.debug_macinfo)

.debug_weaknames
 *(.debug_weaknames)

.debug_funcnames
 *(.debug_funcnames)

.debug_typenames
 *(.debug_typenames)

.debug_varnames
 *(.debug_varnames)

.debug_pubtypes
 *(.debug_pubtypes)

.debug_ranges
 *(.debug_ranges)

.debug_macro
 *(.debug_macro)

.gnu.attributes
 *(.gnu.attributes)

/DISCARD/
 *(.note.GNU-stack)
 *(.gnu_debuglink)
 *(.gnu.lto_*)
OUTPUT(kernel.bin elf32-i386)
